---
source: src/org.rs
description: "--- pre.org\n+++ post.org\n@@ -1,14 +1,16 @@\n * TODO a\n :PROPERTIES:\n :id: a\n :END:\n \n ** TODO b\n :PROPERTIES:\n :id: b\n :END:\n \n+** TODO inserted\n+\n ** TODO c\n :PROPERTIES:\n :id: c\n :END:\n"
input_file: fixtures/insert_middle_child/pre.org
---
Diff {
    added: MaybeIdMap {
        fresh: {
            Headline {
                syntax: HEADLINE@73..91
                  HEADLINE_STARS@73..75 "**"
                  WHITESPACE@75..76 " "
                  HEADLINE_KEYWORD_TODO@76..80 "TODO"
                  WHITESPACE@80..81 " "
                  HEADLINE_TITLE@81..89
                    TEXT@81..89 "inserted"
                  NEW_LINE@89..90 "\n"
                  SECTION@90..91
                    PARAGRAPH@90..91
                      BLANK_LINE@90..91 "\n"
                ,
            },
        },
        map: {},
    },
    removed: MaybeIdMap {
        fresh: {},
        map: {},
    },
    changed: {},
    moves: [],
}
